
> frontend@0.1.0 build
> next build

   Γû▓ Next.js 15.2.1
   - Environments: .env.local

node.exe : 
At C:\Program Files\nodejs\npm.ps1:29 char:3
+   & $NODE_EXE $NPM_CLI_JS $args
+   ~~~~~~~~~~~~~~~~~~~~~~~~~~~~~
    + CategoryInfo          : NotSpecified: (:String) [], RemoteException
    + FullyQualifiedErrorId : NativeCommandError
 
> Build error occurred
SyntaxError: Unexpected end of JSON input
    at JSON.parse (<anonymous>)
